Город/день,,2022-05-26,2022-05-27,2022-05-28,2022-05-29,2022-05-30,Среднее
MOSCOW,"Температура, среднее",18.0,13.1,12.2,12.0,---,13.82
,"Без осадков, часов",4,0,0,1,---,1.25
CAIRO,"Температура, среднее",32.6,33.2,34.5,---,---,25.08
,"Без осадков, часов",10,10,10,0,---,7.5
NOVOSIBIRSK,"Температура, среднее",24.9,22.3,23.1,22.2,---,23.13
,"Без осадков, часов",10,10,6,2,---,7.0
BUCHAREST,"Температура, среднее",27.5,26.0,27.9,18.0,---,24.85
,"Без осадков, часов",10,10,9,0,---,7.25
